=== (a) 線形予測: 速い姿勢モード |λ| ===
ES-K   d0  d1  d2  d3
  τ=瞬時      0.9346  0.9482  0.9782  1.0191
  τ=1ms     0.9417  0.9593  0.9902  1.0261
  τ=2ms     0.9505  0.9706  1.0010  1.0326
  τ=4.25ms  0.9719  0.9927  1.0191  1.0437
  τ=8ms     0.9987  1.0161  1.0365  1.0542
  τ=15ms    1.0230  1.0360  1.0506  1.0624
v6   d0  d1  d2  d3
  τ=瞬時      0.9664  0.9576  0.9541  0.9543
  τ=1ms     0.9626  0.9528  0.9508  0.9575
  τ=2ms     0.9565  0.9523  0.9474  0.9650
  τ=4.25ms  0.9727  0.9734  0.9621  0.9851
  τ=8ms     1.0056  0.9999  0.9907  1.0052
  τ=15ms    1.0322  1.0246  1.0170  1.0199

=== (b) 非線形実走行 ES-K (3 s、摂動 0.02 rad) ===
τ_tw     d   生存s   実測成長率/羽ばたき
瞬時       0    3.00   1.0001 (線形域 609)
瞬時       1    3.00   0.9999 (線形域 609)
1ms      0    3.00   0.9998 (線形域 609)
1ms      1    3.00   1.0001 (線形域 609)
2ms      0    3.00   0.9999 (線形域 609)
2ms      1    3.00   1.0001 (線形域 609)
4.25ms   0    3.00   0.9996 (線形域 609)
4.25ms   1    3.00   0.9999 (線形域 609)
8ms      0    3.00   0.9998 (線形域 609)
8ms      1    3.00   1.0003 (線形域 422)
15ms     0    1.75   nan (線形域 33)
15ms     1    1.02   nan (線形域 27)
保存: phase_algebra/outputs/twitch_wall.json
