MN 群サイズ: {'RF_flex': 28, 'RH_flex': 28, 'LH_flex': 21, 'RM_flex': 26, 'LM_flex': 25, 'LF_flex': 25, 'RM_ext': 15, 'RH_ext': 15, 'LM_ext': 15, 'RF_ext': 12, 'LH_ext': 15, 'LF_ext': 14}

=== MDN 150 Hz, 感覚 15 Hz, 4.0 s ===
群       平均Hz/MN  帯域ピークf  鋭さ   CV
LF_ext       6.37      5.71     5.1  2.29
LF_flex      1.79     15.43     5.6  3.25
LH_ext       4.00     14.29     7.6  2.82
LH_flex      8.49     16.86     6.9  1.83
LM_ext       9.79      4.86     5.7  2.13
LM_flex      2.24     11.14     4.6  2.94
RF_ext       5.40     11.43     4.6  2.91
RF_flex      4.64     10.00     6.7  1.89
RH_ext      18.88     18.86     7.2  1.69
RH_flex      0.30      4.00     5.7  8.72
RM_ext      15.05     11.71     6.6  1.82
RM_flex      5.66     12.57     7.9  1.98
屈筋-伸筋 cos(Δφ) (−1=逆相交代): {'LF': -0.19, 'LM': 0.08, 'LH': 0.07, 'RF': 0.14, 'RM': 0.24, 'RH': -0.07}
脚間 (屈筋) |Z|:
         LF    LM    LH    RF    RM    RH
   LF  1.00  0.04  0.08  0.16  0.15  0.16
   LM  0.04  1.00  0.15  0.07  0.09  0.20
   LH  0.08  0.15  1.00  0.24  0.07  0.17
   RF  0.16  0.07  0.24  1.00  0.21  0.11
   RM  0.15  0.09  0.07  0.21  1.00  0.15
   RH  0.16  0.20  0.17  0.11  0.15  1.00
主固有値 1.69 / 6
