MN 群サイズ: {'RF_flex': 28, 'RH_flex': 28, 'LH_flex': 21, 'RM_flex': 26, 'LM_flex': 25, 'LF_flex': 25, 'RM_ext': 15, 'RH_ext': 15, 'LM_ext': 15, 'RF_ext': 12, 'LH_ext': 15, 'LF_ext': 14}

=== MDN 300 Hz, 感覚 15 Hz, 4.0 s ===
群       平均Hz/MN  帯域ピークf  鋭さ   CV
LF_ext       8.63      2.00    10.3  1.95
LF_flex      0.65     11.71    12.6  5.45
LH_ext       3.35     11.14     7.6  3.17
LH_flex     11.77      3.43     8.0  1.52
LM_ext      11.49      9.14     6.7  1.81
LM_flex      2.15      3.14     3.8  3.13
RF_ext       9.67     14.86     4.3  2.11
RF_flex      3.78     20.00     5.9  2.10
RH_ext      25.98      6.86     4.0  1.39
RH_flex      0.36     13.43     5.6  8.64
RM_ext      17.10      3.71     4.9  1.57
RM_flex      7.60     18.86     4.2  1.72
屈筋-伸筋 cos(Δφ) (−1=逆相交代): {'LF': 0.05, 'LM': -0.25, 'LH': 0.09, 'RF': 0.25, 'RM': 0.08, 'RH': 0.12}
脚間 (屈筋) |Z|:
         LF    LM    LH    RF    RM    RH
   LF  1.00  0.17  0.18  0.32  0.14  0.15
   LM  0.17  1.00  0.15  0.20  0.20  0.29
   LH  0.18  0.15  1.00  0.27  0.10  0.24
   RF  0.32  0.20  0.27  1.00  0.23  0.07
   RM  0.14  0.20  0.10  0.23  1.00  0.18
   RH  0.15  0.29  0.24  0.07  0.18  1.00
主固有値 1.97 / 6
