MN 群サイズ: {'RF_flex': 28, 'RH_flex': 28, 'LH_flex': 21, 'RM_flex': 26, 'LM_flex': 25, 'LF_flex': 25, 'RM_ext': 15, 'RH_ext': 15, 'LM_ext': 15, 'RF_ext': 12, 'LH_ext': 15, 'LF_ext': 14}

=== MDN 150 Hz, 感覚 0 Hz, 4.0 s ===
群       平均Hz/MN  帯域ピークf  鋭さ   CV
LF_ext       6.55     16.29     9.3  2.25
LF_flex      1.73     16.29     6.3  3.32
LH_ext       6.11     13.14     5.6  2.33
LH_flex      4.69     19.71     9.3  2.52
LM_ext       7.49     17.71     9.8  2.16
LM_flex      3.14      2.86     5.4  2.52
RF_ext       7.45     13.14     6.5  2.42
RF_flex      4.94      3.14     7.6  1.82
RH_ext      16.99     14.29     8.1  1.79
RH_flex     10.21      4.00    10.8  1.97
RM_ext      12.72     12.57     6.5  1.97
RM_flex      3.62     15.14     6.2  2.44
屈筋-伸筋 cos(Δφ) (−1=逆相交代): {'LF': 0.06, 'LM': -0.08, 'LH': 0.08, 'RF': 0.23, 'RM': 0.22, 'RH': 0.33}
脚間 (屈筋) |Z|:
         LF    LM    LH    RF    RM    RH
   LF  1.00  0.12  0.10  0.16  0.14  0.30
   LM  0.12  1.00  0.06  0.14  0.09  0.12
   LH  0.10  0.06  1.00  0.27  0.26  0.28
   RF  0.16  0.14  0.27  1.00  0.23  0.20
   RM  0.14  0.09  0.26  0.23  1.00  0.09
   RH  0.30  0.12  0.28  0.20  0.09  1.00
主固有値 1.88 / 6
