脚ごとの位相振動数 [Hz]: {'LF': 5.5, 'LM': 12.17, 'LH': 5.83, 'RF': 3.33, 'RM': 3.66, 'RH': 3.83}
遊脚率: {'LF': 0.99, 'LM': 0.88, 'LH': 0.59, 'RF': 0.98, 'RM': 0.88, 'RH': 0.95}

脚間ロック強度 |Z_ij| (1=完全ロック):
         LF    LM    LH    RF    RM    RH
   LF  1.00  0.42  0.27  0.50  0.67  0.36
   LM  0.42  1.00  0.21  0.30  0.34  0.24
   LH  0.27  0.21  1.00  0.36  0.35  0.34
   RF  0.50  0.30  0.36  1.00  0.66  0.33
   RM  0.67  0.34  0.35  0.66  1.00  0.56
   RH  0.36  0.24  0.34  0.33  0.56  1.00

主固有値 3.02 / 6 (集団同期の強さ)。主固有ベクトルの相対位相 [deg]: {'LF': 0.0, 'LM': -129.0, 'LH': -77.0, 'RF': -156.0, 'RM': -165.0, 'RH': 69.0}
  三脚歩容 (LF,RM,LH 同相 / RF,LM,RH 逆相) からのずれ [deg]: {'LF': 0.0, 'LM': 51.0, 'LH': 77.0, 'RF': 24.0, 'RM': 165.0, 'RH': 111.0}
  LF: 固有振動数 10.30 Hz, R²=0.35, 最強結合 b_LM=-57.6, b_RM=+56.4
  LM: 固有振動数 13.41 Hz, R²=0.48, 最強結合 a_RF=-35.1, b_RM=-25.3
  LH: 固有振動数 7.53 Hz, R²=0.09, 最強結合 a_RF=-21.7, b_RH=+14.8
  RF: 固有振動数 5.70 Hz, R²=0.40, 最強結合 a_LM=+22.8, a_LF=-21.4
  RM: 固有振動数 5.76 Hz, R²=0.33, 最強結合 b_RF=-11.6, b_LM=+8.5
  RH: 固有振動数 4.07 Hz, R²=0.17, 最強結合 b_LM=-17.1, b_RF=+12.3

ロック状態のヤコビアン固有値 (実部<0 なら安定; 1つは並進対称で 0):
   +39.8+28.5i, +39.8-28.5i, +14.9+0.0i, +7.4+11.4i, +7.4-11.4i, -0.0+0.0i
保存: phase_algebra/outputs/walk_phase.json
