実配線 : 固定筋 9  条件数  2.33  感度0.00735  復号誤差0.113
シャッフル0: 固定筋 8  条件数  2.09  感度0.00689  復号誤差0.126
シャッフル1: 固定筋 9  条件数  2.33  感度0.00728  復号誤差0.208
シャッフル2: 固定筋 9  条件数  2.26  感度0.00731  復号誤差0.151
シャッフル3: 固定筋 9  条件数  2.29  感度0.00736  復号誤差0.142
シャッフル4: 固定筋 9  条件数  2.34  感度0.00742  復号誤差0.135
シャッフル5: 固定筋 8  条件数  2.06  感度0.00686  復号誤差0.134
シャッフル6: 固定筋 9  条件数  2.32  感度0.00734  復号誤差0.113
シャッフル7: 固定筋 9  条件数  2.27  感度0.00733  復号誤差0.164
シャッフル8: 固定筋 9  条件数  2.00  感度0.00717  復号誤差0.206
シャッフル9: 固定筋 9  条件数  2.33  感度0.00743  復号誤差0.150
シャッフル10: 固定筋10  条件数  2.31  感度0.00760  復号誤差0.527
シャッフル11: 固定筋 9  条件数  2.35  感度0.00745  復号誤差0.144
シャッフル12: 固定筋 9  条件数  2.31  感度0.00742  復号誤差0.165
シャッフル13: 固定筋 9  条件数  2.28  感度0.00728  復号誤差0.129
シャッフル14: 固定筋 9  条件数  2.28  感度0.00731  復号誤差0.157
シャッフル15: 固定筋 9  条件数  2.26  感度0.00734  復号誤差0.133
シャッフル16: 固定筋 9  条件数  2.32  感度0.00739  復号誤差0.138
シャッフル17: 固定筋 9  条件数  2.28  感度0.00732  復号誤差0.128
シャッフル18: 固定筋 9  条件数  2.29  感度0.00727  復号誤差0.125
シャッフル19: 固定筋 9  条件数  2.29  感度0.00727  復号誤差0.179
シャッフル20: 固定筋 9  条件数  2.31  感度0.00736  復号誤差0.138
シャッフル21: 固定筋 9  条件数  2.32  感度0.00740  復号誤差0.161
シャッフル22: 固定筋 9  条件数  2.36  感度0.00751  復号誤差0.136
シャッフル23: 固定筋 9  条件数  2.31  感度0.00750  復号誤差0.196
シャッフル24: 固定筋 9  条件数  2.32  感度0.00742  復号誤差0.142
シャッフル25: 固定筋 9  条件数  2.32  感度0.00741  復号誤差0.128
シャッフル26: 固定筋 9  条件数  2.27  感度0.00730  復号誤差0.137
シャッフル27: 固定筋 9  条件数  2.27  感度0.00730  復号誤差0.129
シャッフル28: 固定筋 9  条件数  2.29  感度0.00735  復号誤差0.156
シャッフル29: 固定筋 9  条件数  2.20  感度0.00729  復号誤差0.160
シャッフル30: 固定筋 9  条件数  2.28  感度0.00728  復号誤差0.142
シャッフル31: 固定筋 9  条件数  2.34  感度0.00728  復号誤差0.125
シャッフル32: 固定筋 9  条件数  2.40  感度0.00737  復号誤差0.117
シャッフル33: 固定筋 8  条件数  2.16  感度0.00709  復号誤差0.193
シャッフル34: 固定筋 9  条件数  2.37  感度0.00745  復号誤差0.164
シャッフル35: 固定筋 9  条件数  2.26  感度0.00727  復号誤差0.152
シャッフル36: 固定筋 9  条件数  2.33  感度0.00735  復号誤差0.142
シャッフル37: 固定筋 9  条件数  2.27  感度0.00732  復号誤差0.169
シャッフル38: 固定筋10  条件数  2.25  感度0.00847  復号誤差1.455
シャッフル39: 固定筋 9  条件数  2.29  感度0.00736  復号誤差0.161
位相固定できる筋数              実=  9.0000  シャッフル=  8.9750±0.3527  z=+0.07  上位92%
条件数(小さいほど良い)           実=  2.3337  シャッフル=  2.2794±0.0788  z=+0.69  上位18%
感度の大きさ                 実=  0.0073  シャッフル=  0.0074±0.0002  z=-0.03  上位48%
復号誤差(小さいほど良い)          実=  0.1135  シャッフル=  0.1914±0.2119  z=-0.37  上位98%

片側経験的p値 (復号誤差): 0.0488 (シャッフル40個中1個が実配線以下)
DONE
