=== full (終了1.20s) t / 高度z / 直立度 / |ω| / u0 / std(u1-4)
   0.00  z=12.00  up=+1.00  |w|=   0.0  u0=+0.50  su=0.28
   0.01  z=11.96  up=+1.00  |w|=  36.7  u0=+0.50  su=0.29
   0.02  z=11.88  up=+0.96  |w|=  37.1  u0=+0.50  su=0.32
   0.03  z=11.75  up=+0.91  |w|=  75.4  u0=+0.50  su=0.38
   0.04  z=11.61  up=+0.98  |w|=  88.7  u0=+0.50  su=0.40
   0.05  z=11.46  up=+0.95  |w|=  69.0  u0=+0.50  su=0.40
   0.06  z=11.31  up=+0.91  |w|=  61.6  u0=+0.50  su=0.40
   0.07  z=11.17  up=+0.95  |w|=  68.6  u0=+0.50  su=0.40
   0.08  z=11.03  up=+0.97  |w|=  36.7  u0=+0.50  su=0.25
   0.09  z=10.90  up=+0.97  |w|=  58.6  u0=-0.10  su=0.40
   0.10  z=10.77  up=+0.98  |w|= 103.1  u0=-0.48  su=0.35
   0.11  z=10.66  up=+0.98  |w|=  87.3  u0=-0.50  su=0.35
   0.12  z=10.55  up=+0.98  |w|=  91.1  u0=-0.50  su=0.40
   0.13  z=10.46  up=+1.00  |w|=  79.1  u0=-0.50  su=0.40
   0.14  z=10.38  up=+1.00  |w|=  79.4  u0=-0.50  su=0.40
   0.15  z=10.31  up=+1.00  |w|=  44.5  u0=+0.12  su=0.40
   0.16  z=10.25  up=+0.99  |w|=  81.7  u0=+0.50  su=0.35
   0.17  z=10.19  up=+0.98  |w|= 131.1  u0=+0.50  su=0.35
   0.18  z=10.14  up=+0.97  |w|= 149.8  u0=+0.50  su=0.35
   0.19  z=10.09  up=+0.99  |w|= 145.5  u0=+0.50  su=0.35
   0.20  z=10.05  up=+0.99  |w|= 122.6  u0=+0.50  su=0.35
   0.21  z=10.02  up=+0.99  |w|=  81.0  u0=+0.50  su=0.35
   0.22  z=10.00  up=+0.99  |w|=  66.5  u0=+0.50  su=0.35
   0.23  z= 9.99  up=+0.98  |w|=  46.2  u0=+0.50  su=0.40
   0.24  z= 9.98  up=+0.98  |w|=  60.0  u0=-0.49  su=0.40
   0.25  z= 9.97  up=+0.98  |w|=  69.3  u0=-0.50  su=0.40
   0.26  z= 9.98  up=+0.99  |w|=  83.9  u0=-0.50  su=0.40
   0.27  z= 9.98  up=+0.99  |w|= 106.1  u0=-0.50  su=0.35
   0.28  z=10.00  up=+1.00  |w|=  78.0  u0=-0.50  su=0.35
   0.29  z=10.02  up=+1.00  |w|=  69.5  u0=-0.36  su=0.35
   0.30  z=10.04  up=+1.00  |w|=  65.4  u0=+0.17  su=0.34
   0.31  z=10.07  up=+0.99  |w|=  51.8  u0=+0.44  su=0.38
   0.32  z=10.11  up=+0.99  |w|=  53.2  u0=+0.50  su=0.40
   0.33  z=10.14  up=+0.99  |w|=  52.0  u0=+0.50  su=0.38
   0.34  z=10.17  up=+1.00  |w|=  75.4  u0=+0.50  su=0.35
   0.35  z=10.21  up=+1.00  |w|=  84.9  u0=+0.50  su=0.37
   0.36  z=10.25  up=+1.00  |w|=  60.7  u0=+0.50  su=0.35
   0.37  z=10.30  up=+1.00  |w|=  40.2  u0=+0.50  su=0.39
   0.38  z=10.35  up=+1.00  |w|=  17.9  u0=+0.50  su=0.27
   0.39  z=10.39  up=+1.00  |w|=  39.9  u0=-0.17  su=0.36
   0.40  z=10.44  up=+0.99  |w|=  45.1  u0=-0.48  su=0.39
   0.41  z=10.48  up=+0.98  |w|=  55.2  u0=-0.49  su=0.36
   0.42  z=10.50  up=+0.97  |w|=  56.2  u0=-0.49  su=0.35
   0.43  z=10.53  up=+0.98  |w|=  56.7  u0=-0.25  su=0.35
   0.44  z=10.54  up=+0.98  |w|=  41.9  u0=+0.38  su=0.34
   0.45  z=10.55  up=+0.98  |w|=  73.7  u0=+0.50  su=0.40
   0.46  z=10.56  up=+1.00  |w|=  65.1  u0=+0.50  su=0.35
   0.47  z=10.58  up=+1.00  |w|=  67.4  u0=+0.50  su=0.35
   0.48  z=10.60  up=+1.00  |w|=  47.2  u0=+0.50  su=0.35
   0.49  z=10.63  up=+0.99  |w|=  52.9  u0=+0.50  su=0.40
   0.50  z=10.66  up=+0.99  |w|=  71.7  u0=+0.50  su=0.40
   0.51  z=10.69  up=+0.99  |w|=  61.9  u0=+0.50  su=0.40
   0.52  z=10.72  up=+0.99  |w|=  56.0  u0=+0.50  su=0.40
   0.53  z=10.75  up=+1.00  |w|=  39.5  u0=+0.43  su=0.34
   0.54  z=10.78  up=+0.99  |w|=  59.8  u0=-0.50  su=0.40
   0.55  z=10.80  up=+0.99  |w|=  79.1  u0=-0.50  su=0.40
   0.56  z=10.83  up=+1.00  |w|=  73.1  u0=-0.50  su=0.40
   0.57  z=10.85  up=+1.00  |w|=  62.6  u0=-0.50  su=0.40
   0.58  z=10.88  up=+1.00  |w|=  38.6  u0=-0.49  su=0.40
   0.59  z=10.91  up=+1.00  |w|=  40.8  u0=-0.36  su=0.40
   0.60  z=10.94  up=+1.00  |w|=  97.8  u0=+0.50  su=0.33
   0.61  z=10.97  up=+1.00  |w|= 128.6  u0=+0.50  su=0.35
   0.62  z=11.00  up=+1.00  |w|= 145.6  u0=+0.50  su=0.35
   0.63  z=11.03  up=+1.00  |w|= 137.8  u0=+0.50  su=0.35
   0.64  z=11.06  up=+1.00  |w|=  86.8  u0=+0.50  su=0.36
   0.65  z=11.09  up=+0.99  |w|=  51.9  u0=+0.50  su=0.35
   0.66  z=11.13  up=+0.99  |w|=  27.3  u0=+0.50  su=0.25
   0.67  z=11.17  up=+1.00  |w|=  80.2  u0=-0.50  su=0.40
   0.68  z=11.22  up=+0.96  |w|=  97.6  u0=-0.50  su=0.35
   0.69  z=11.27  up=+0.97  |w|=  74.2  u0=-0.50  su=0.40
   0.70  z=11.32  up=+0.99  |w|=  72.7  u0=-0.50  su=0.40
   0.71  z=11.35  up=+0.99  |w|=  63.8  u0=-0.50  su=0.40
   0.72  z=11.38  up=+0.97  |w|=  61.2  u0=-0.50  su=0.35
   0.73  z=11.40  up=+0.96  |w|=  61.7  u0=-0.13  su=0.35
   0.74  z=11.40  up=+0.95  |w|=  70.0  u0=+0.33  su=0.37
   0.75  z=11.40  up=+0.95  |w|=  40.1  u0=+0.49  su=0.38
   0.76  z=11.39  up=+0.95  |w|=  51.1  u0=+0.50  su=0.38
   0.77  z=11.38  up=+0.97  |w|=  83.1  u0=+0.50  su=0.40
   0.78  z=11.38  up=+0.99  |w|=  82.7  u0=+0.50  su=0.35
   0.79  z=11.39  up=+1.00  |w|=  83.9  u0=+0.50  su=0.39
   0.80  z=11.40  up=+1.00  |w|=  44.9  u0=+0.50  su=0.39
   0.81  z=11.42  up=+1.00  |w|=  12.1  u0=+0.50  su=0.32
   0.82  z=11.45  up=+1.00  |w|=  37.0  u0=+0.45  su=0.35
   0.83  z=11.48  up=+1.00  |w|=  43.8  u0=-0.27  su=0.35
   0.84  z=11.51  up=+0.99  |w|=  51.4  u0=-0.50  su=0.40
   0.85  z=11.54  up=+0.99  |w|=  56.6  u0=-0.50  su=0.40
   0.86  z=11.57  up=+0.98  |w|=  68.3  u0=-0.03  su=0.33
   0.87  z=11.60  up=+0.99  |w|=  46.7  u0=-0.10  su=0.35
   0.88  z=11.63  up=+0.99  |w|=  42.0  u0=+0.44  su=0.35
   0.89  z=11.66  up=+0.98  |w|=  67.8  u0=+0.50  su=0.36
   0.90  z=11.69  up=+0.99  |w|=  77.2  u0=+0.50  su=0.40
   0.91  z=11.72  up=+1.00  |w|=  78.3  u0=+0.50  su=0.35
   0.92  z=11.75  up=+0.99  |w|=  64.8  u0=+0.50  su=0.35
   0.93  z=11.77  up=+0.98  |w|=  62.1  u0=+0.50  su=0.40
   0.94  z=11.79  up=+0.98  |w|=  84.2  u0=+0.50  su=0.40
   0.95  z=11.81  up=+0.99  |w|=  29.6  u0=+0.50  su=0.28
   0.96  z=11.83  up=+0.99  |w|=  28.1  u0=+0.49  su=0.34
   0.97  z=11.86  up=+0.98  |w|=  44.8  u0=-0.35  su=0.35
   0.98  z=11.88  up=+0.99  |w|=  59.5  u0=-0.50  su=0.40
   0.99  z=11.89  up=+0.99  |w|=  67.2  u0=-0.50  su=0.40
   1.00  z=11.91  up=+1.00  |w|=  74.6  u0=-0.50  su=0.40
   1.01  z=11.94  up=+1.00  |w|=  69.8  u0=-0.50  su=0.40
   1.02  z=11.97  up=+0.99  |w|=  58.7  u0=-0.50  su=0.40
   1.03  z=12.00  up=+1.00  |w|=  77.6  u0=+0.50  su=0.33
   1.04  z=12.02  up=+1.00  |w|= 117.8  u0=+0.50  su=0.35
   1.05  z=12.04  up=+0.99  |w|= 167.6  u0=+0.50  su=0.35
   1.06  z=12.06  up=+0.98  |w|= 142.4  u0=+0.50  su=0.35
   1.07  z=12.08  up=+0.98  |w|= 115.3  u0=+0.50  su=0.35
   1.08  z=12.10  up=+0.99  |w|=  75.6  u0=+0.50  su=0.35
   1.09  z=12.13  up=+0.99  |w|=  65.0  u0=+0.50  su=0.35
   1.10  z=12.15  up=+0.99  |w|=  51.2  u0=-0.40  su=0.40
   1.11  z=12.17  up=+0.99  |w|=  65.6  u0=-0.50  su=0.40
   1.12  z=12.20  up=+1.00  |w|=  91.7  u0=-0.50  su=0.40
   1.13  z=12.23  up=+1.00  |w|=  84.4  u0=-0.50  su=0.40
   1.14  z=12.26  up=+1.00  |w|=  80.7  u0=-0.50  su=0.40
   1.15  z=12.29  up=+0.99  |w|=  81.7  u0=-0.50  su=0.35
   1.16  z=12.32  up=+1.00  |w|=  52.1  u0=-0.48  su=0.35
   1.17  z=12.35  up=+0.99  |w|=  63.2  u0=-0.34  su=0.34
   1.18  z=12.38  up=+1.00  |w|=  59.6  u0=+0.41  su=0.39
   1.19  z=12.40  up=+0.99  |w|=  45.5  u0=+0.50  su=0.41
=== slow (終了0.25s) t / 高度z / 直立度 / |ω| / u0 / std(u1-4)
   0.00  z=12.00  up=+1.00  |w|=   0.0  u0=+0.50  su=0.28
   0.01  z=11.96  up=+0.99  |w|=  48.4  u0=+0.48  su=0.40
   0.02  z=11.85  up=+0.89  |w|=  73.3  u0=+0.50  su=0.40
   0.03  z=11.65  up=+0.54  |w|= 162.9  u0=-0.49  su=0.35
   0.04  z=11.42  up=-0.00  |w|= 129.4  u0=+0.50  su=0.37
   0.05  z=11.17  up=+0.36  |w|= 346.7  u0=+0.50  su=0.07
   0.06  z=10.83  up=+0.20  |w|= 136.4  u0=-0.50  su=0.35
   0.07  z=10.47  up=-0.73  |w|= 135.4  u0=-0.50  su=0.40
   0.08  z=10.11  up=-0.61  |w|=  66.3  u0=+0.50  su=0.35
   0.09  z= 9.71  up=-0.14  |w|=  78.4  u0=+0.38  su=0.31
   0.10  z= 9.28  up=-0.07  |w|= 230.4  u0=+0.50  su=0.35
   0.11  z= 8.81  up=+0.52  |w|= 461.3  u0=+0.50  su=0.37
   0.12  z= 8.22  up=-0.02  |w|= 376.8  u0=+0.50  su=0.40
   0.13  z= 7.72  up=+0.42  |w|= 162.4  u0=+0.50  su=0.39
   0.14  z= 7.19  up=+0.26  |w|= 467.0  u0=+0.23  su=0.40
   0.15  z= 6.60  up=+0.19  |w|= 527.9  u0=+0.50  su=0.13
   0.16  z= 6.07  up=-0.36  |w|= 242.5  u0=+0.50  su=0.35
   0.17  z= 5.51  up=-0.85  |w|= 183.6  u0=+0.50  su=0.35
   0.18  z= 4.93  up=-0.99  |w|= 188.0  u0=+0.50  su=0.40
   0.19  z= 4.36  up=-0.86  |w|= 322.5  u0=+0.50  su=0.40
   0.20  z= 3.78  up=-0.30  |w|= 268.4  u0=+0.50  su=0.40
   0.21  z= 3.17  up=-0.26  |w|= 279.7  u0=+0.50  su=0.33
   0.22  z= 2.54  up=-0.69  |w|= 111.1  u0=+0.50  su=0.39
   0.23  z= 1.90  up=-0.68  |w|= 149.2  u0=-0.50  su=0.40
   0.24  z= 1.22  up=-0.90  |w|= 181.5  u0=+0.50  su=0.40
   0.25  z= 0.53  up=-0.89  |w|= 334.3  u0=+0.50  su=0.35
DONE
