[個体1] 50対 eval=3.00s
[個体3] 50対 eval=3.00s
[個体6] 50対 eval=3.00s
[個体0] 50対 eval=3.00s
[個体4] 50対 eval=3.00s
[個体2] 50対 eval=1.78s
[個体5] 50対 eval=3.00s
[個体7] 50対 eval=3.00s
[個体1] 100対 eval=3.00s
[個体0] 100対 eval=3.00s
[個体5] 100対 eval=3.00s
[個体3] 100対 eval=3.00s
[個体4] 100対 eval=3.00s
[個体6] 100対 eval=3.00s
[個体7] 100対 eval=3.00s
[個体2] 100対 eval=3.00s
[個体3] 150対 eval=3.00s
[個体1] 150対 eval=3.00s
[個体0] 150対 eval=3.00s
[個体5] 150対 eval=3.00s
[個体7] 150対 eval=3.00s
[個体4] 150対 eval=3.00s
[個体6] 150対 eval=3.00s
[個体2] 150対 eval=3.00s
[個体3] 200対 eval=3.00s
[個体7] 200対 eval=3.00s
[個体4] 200対 eval=1.69s
[個体1] 200対 eval=0.66s
[個体5] 200対 eval=3.00s
[個体0] 200対 eval=3.00s
[個体6] 200対 eval=3.00s
[個体2] 200対 eval=3.00s
[個体7] 250対 eval=3.00s
[個体3] 250対 eval=3.00s
[個体4] 250対 eval=1.72s
[個体1] 250対 eval=3.00s
[個体5] 250対 eval=3.00s
[個体0] 250対 eval=3.00s
[個体6] 250対 eval=3.00s
[個体2] 250対 eval=3.00s
[個体4] 300対 eval=3.00s
[個体3] 300対 eval=3.00s
[個体7] 300対 eval=3.00s
[個体1] 300対 eval=3.00s
[個体0] 300対 eval=3.00s
[個体5] 300対 eval=3.00s
[個体4] 350対 eval=3.00s
[個体2] 300対 eval=3.00s
[個体6] 300対 eval=1.66s
[個体3] 350対 eval=3.00s
[個体7] 350対 eval=3.00s
[個体1] 350対 eval=3.00s
[個体4] 400対 eval=3.00s
[個体0] 350対 eval=3.00s
[個体5] 350対 eval=1.73s
[個体6] 350対 eval=3.00s
[個体2] 350対 eval=3.00s
[個体3] 400対 eval=3.00s
[個体7] 400対 eval=3.00s
[個体4] 450対 eval=3.00s
[個体1] 400対 eval=3.00s
[個体0] 400対 eval=3.00s
[個体5] 400対 eval=3.00s
[個体6] 400対 eval=3.00s
[個体2] 400対 eval=3.00s
[個体3] 450対 eval=3.00s
[個体7] 450対 eval=3.00s
[個体4] 500対 eval=3.00s
[個体0] 450対 eval=3.00s
[個体1] 450対 eval=3.00s
[個体5] 450対 eval=3.00s
[個体3] 500対 eval=3.00s
[個体6] 450対 eval=3.00s
[個体2] 450対 eval=3.00s
[個体7] 500対 eval=3.00s
[個体0] 500対 eval=1.69s
[個体4] 550対 eval=3.00s
[個体1] 500対 eval=3.00s
[個体3] 550対 eval=3.00s
[個体5] 500対 eval=3.00s
[個体2] 500対 eval=3.00s
[個体6] 500対 eval=3.00s
[個体0] 550対 eval=3.00s
[個体7] 550対 eval=3.00s
[個体4] 600対 eval=3.00s
[個体1] 550対 eval=3.00s
[個体3] 600対 eval=1.95s
[個体0] 600対 eval=1.68s
[個体5] 550対 eval=3.00s
[個体2] 550対 eval=1.71s
[個体6] 550対 eval=3.00s
[個体7] 600対 eval=3.00s
[個体1] 600対 eval=1.72s
[個体6] 600対 eval=3.00s
[個体5] 600対 eval=3.00s
[個体2] 600対 eval=3.00s
開ループ (K=0, 幼体): 生存1.12s
個体0: 最終2.34s  50ep で3.00s到達  [50:3.00, 350:3.00]
個体1: 最終2.36s  50ep で3.00s到達  [50:3.00, 350:3.00]
個体2: 最終3.00s  100ep で3.00s到達  [50:1.78, 350:3.00]
個体3: 最終2.47s  50ep で3.00s到達  [50:3.00, 350:3.00]
個体4: 最終3.00s  50ep で3.00s到達  [50:3.00, 350:3.00]
個体5: 最終3.00s  50ep で3.00s到達  [50:3.00, 350:1.73]
個体6: 最終3.00s  50ep で3.00s到達  [50:3.00, 350:3.00]
個体7: 最終3.00s  50ep で3.00s到達  [50:3.00, 350:3.00]

8個体: 最終生存 2.77±0.30s (範囲 2.34-3.00)
3.00s到達: 8/8個体, 到達エピソード中央値 50
保存 outputs/reward_K.json
DONE
