[個体6] 50対 eval=1.15s
[個体2] 50対 eval=1.10s
[個体5] 50対 eval=0.55s
[個体1] 50対 eval=0.82s
[個体3] 50対 eval=0.65s
[個体0] 50対 eval=0.37s
[個体7] 50対 eval=0.70s
[個体4] 50対 eval=0.39s
[個体5] 100対 eval=0.37s
[個体0] 100対 eval=1.12s
[個体2] 100対 eval=0.45s
[個体6] 100対 eval=0.67s
[個体3] 100対 eval=0.66s
[個体4] 100対 eval=0.72s
[個体7] 100対 eval=0.67s
[個体1] 100対 eval=1.44s
[個体5] 150対 eval=0.65s
[個体6] 150対 eval=0.72s
[個体2] 150対 eval=0.74s
[個体0] 150対 eval=0.94s
[個体7] 150対 eval=0.58s
[個体4] 150対 eval=0.72s
[個体3] 150対 eval=1.32s
[個体1] 150対 eval=2.01s
[個体6] 200対 eval=0.42s
[個体5] 200対 eval=1.67s
[個体2] 200対 eval=0.64s
[個体7] 200対 eval=0.63s
[個体6] 250対 eval=0.36s
[個体0] 200対 eval=1.15s
[個体3] 200対 eval=2.02s
[個体5] 250対 eval=0.94s
[個体6] 300対 eval=0.37s
[個体4] 200対 eval=1.67s
[個体2] 250対 eval=0.88s
[個体7] 250対 eval=0.48s
[個体1] 200対 eval=3.00s
[個体6] 350対 eval=0.47s
[個体0] 250対 eval=1.45s
[個体2] 300対 eval=0.54s
[個体6] 400対 eval=0.34s
[個体7] 300対 eval=0.80s
[個体5] 300対 eval=1.92s
[個体3] 250対 eval=3.00s
[個体1] 250対 eval=0.47s
[個体4] 250対 eval=3.00s
[個体2] 350対 eval=1.87s
[個体6] 450対 eval=0.94s
[個体0] 300対 eval=2.63s
[個体5] 350対 eval=0.79s
[個体7] 350対 eval=0.72s
[個体1] 300対 eval=1.20s
[個体3] 300対 eval=1.43s
[個体6] 500対 eval=0.47s
[個体2] 400対 eval=0.55s
[個体5] 400対 eval=0.97s
[個体0] 350対 eval=1.50s
[個体2] 450対 eval=0.57s
[個体6] 550対 eval=0.67s
[個体1] 350対 eval=1.87s
[個体3] 350対 eval=2.00s
[個体7] 400対 eval=1.66s
[個体4] 300対 eval=3.00s
[個体2] 500対 eval=0.43s
[個体6] 600対 eval=0.68s
[個体5] 450対 eval=1.60s
[個体1] 400対 eval=0.41s
[個体0] 400対 eval=1.66s
[個体2] 550対 eval=0.74s
[個体3] 400対 eval=1.77s
[個体7] 450対 eval=1.30s
[個体1] 450対 eval=0.83s
[個体5] 500対 eval=1.04s
[個体4] 350対 eval=2.20s
[個体2] 600対 eval=0.88s
[個体0] 450対 eval=2.19s
[個体3] 450対 eval=0.90s
[個体1] 500対 eval=1.58s
[個体7] 500対 eval=1.31s
[個体5] 550対 eval=1.29s
[個体0] 500対 eval=1.57s
[個体3] 500対 eval=1.24s
[個体4] 400対 eval=2.62s
[個体7] 550対 eval=1.38s
[個体1] 550対 eval=2.05s
[個体3] 550対 eval=1.82s
[個体5] 600対 eval=2.51s
[個体0] 550対 eval=1.29s
[個体7] 600対 eval=1.35s
[個体1] 600対 eval=1.28s
[個体4] 450対 eval=3.00s
[個体3] 600対 eval=1.10s
[個体0] 600対 eval=0.87s
[個体4] 500対 eval=3.00s
[個体4] 550対 eval=3.00s
[個体4] 600対 eval=2.84s
開ループ (K=0, 幼体): 生存1.12s
個体0: 最終0.87s  未到達  [50:0.37, 350:1.50]
個体1: 最終1.53s  200ep で3.00s到達  [50:0.82, 350:1.87]
個体2: 最終0.89s  未到達  [50:1.10, 350:1.87]
個体3: 最終1.10s  250ep で3.00s到達  [50:0.65, 350:2.00]
個体4: 最終2.92s  250ep で3.00s到達  [50:0.39, 350:2.20]
個体5: 最終2.62s  未到達  [50:0.55, 350:0.79]
個体6: 最終0.69s  未到達  [50:1.15, 350:0.47]
個体7: 最終1.46s  未到達  [50:0.70, 350:0.72]

8個体: 最終生存 1.51±0.78s (範囲 0.69-2.92)
3.00s到達: 3/8個体, 到達エピソード中央値 250
保存 outputs/reward_K.json
DONE
