[個体4] 50対 eval=0.54s
[個体0] 50対 eval=0.64s
[個体7] 50対 eval=0.43s
[個体2] 50対 eval=0.65s
[個体5] 50対 eval=0.42s
[個体1] 50対 eval=1.13s
[個体6] 50対 eval=1.46s
[個体3] 50対 eval=0.47s
[個体4] 100対 eval=0.41s
[個体5] 100対 eval=0.79s
[個体7] 100対 eval=0.77s
[個体1] 100対 eval=0.71s
[個体2] 100対 eval=0.58s
[個体0] 100対 eval=0.61s
[個体3] 100対 eval=0.62s
[個体4] 150対 eval=0.38s
[個体6] 100対 eval=0.89s
[個体5] 150対 eval=0.69s
[個体1] 150対 eval=0.60s
[個体0] 150対 eval=0.97s
[個体2] 150対 eval=0.66s
[個体4] 200対 eval=0.35s
[個体7] 150対 eval=0.94s
[個体3] 150対 eval=0.74s
[個体1] 200対 eval=0.41s
[個体5] 200対 eval=0.67s
[個体6] 150対 eval=0.53s
[個体4] 250対 eval=0.48s
[個体2] 200対 eval=0.55s
[個体0] 200対 eval=0.50s
[個体3] 200対 eval=0.87s
[個体5] 250対 eval=0.61s
[個体7] 200対 eval=1.28s
[個体4] 300対 eval=1.00s
[個体1] 250対 eval=0.79s
[個体6] 200対 eval=0.98s
[個体0] 250対 eval=0.66s
[個体2] 250対 eval=0.94s
[個体3] 250対 eval=0.50s
[個体5] 300対 eval=0.67s
[個体0] 300対 eval=0.75s
[個体4] 350対 eval=0.90s
[個体1] 300対 eval=1.07s
[個体6] 250対 eval=0.76s
[個体3] 300対 eval=1.01s
[個体7] 250対 eval=0.82s
[個体5] 350対 eval=0.78s
[個体2] 300対 eval=1.00s
[個体0] 350対 eval=0.50s
[個体4] 400対 eval=0.60s
[個体6] 300対 eval=0.68s
[個体1] 350対 eval=0.88s
[個体5] 400対 eval=0.82s
[個体4] 450対 eval=0.55s
[個体3] 350対 eval=1.16s
[個体0] 400対 eval=0.68s
[個体2] 350対 eval=1.00s
[個体7] 300対 eval=1.72s
[個体6] 350対 eval=1.02s
[個体4] 500対 eval=1.03s
[個体1] 400対 eval=0.78s
[個体5] 450対 eval=0.77s
[個体3] 400対 eval=1.80s
[個体0] 450対 eval=0.85s
[個体2] 400対 eval=1.03s
[個体4] 550対 eval=0.73s
[個体5] 500対 eval=0.73s
[個体1] 450対 eval=0.86s
[個体6] 400対 eval=1.35s
[個体0] 500対 eval=0.66s
[個体3] 450対 eval=1.29s
[個体4] 600対 eval=1.13s
[個体2] 450対 eval=0.93s
[個体7] 350対 eval=3.00s
[個体5] 550対 eval=1.49s
[個体1] 500対 eval=1.15s
[個体3] 500対 eval=0.91s
[個体0] 550対 eval=2.00s
[個体2] 500対 eval=0.96s
[個体6] 450対 eval=2.19s
[個体5] 600対 eval=2.78s
[個体0] 600対 eval=1.03s
[個体1] 550対 eval=1.24s
[個体3] 550対 eval=2.45s
[個体7] 400対 eval=3.00s
[個体2] 550対 eval=1.78s
[個体6] 500対 eval=3.00s
[個体1] 600対 eval=2.30s
[個体3] 600対 eval=0.83s
[個体6] 550対 eval=1.45s
[個体2] 600対 eval=3.00s
[個体7] 450対 eval=3.00s
[個体6] 600対 eval=1.82s
[個体7] 500対 eval=3.00s
[個体7] 550対 eval=3.00s
[個体7] 600対 eval=2.78s
開ループ (K=0, 幼体): 生存1.12s
個体0: 最終1.03s  未到達  [50:0.64, 350:0.50]
個体1: 最終2.52s  未到達  [50:1.13, 350:0.88]
個体2: 最終3.00s  600ep で3.00s到達  [50:0.65, 350:1.00]
個体3: 最終1.08s  未到達  [50:0.47, 350:1.16]
個体4: 最終1.13s  未到達  [50:0.54, 350:0.90]
個体5: 最終2.49s  未到達  [50:0.42, 350:0.78]
個体6: 最終1.86s  500ep で3.00s到達  [50:1.46, 350:1.02]
個体7: 最終2.52s  350ep で3.00s到達  [50:0.43, 350:3.00]

8個体: 最終生存 1.95±0.73s (範囲 1.03-3.00)
3.00s到達: 3/8個体, 到達エピソード中央値 500
保存 outputs/reward_K.json
DONE
