=== K_WALK=0.4 ===
SN 542本 / プール42方向
WARNING    The name "tau" refers to different objects in different namespaces used for resolving names in the context of group "vnc". Will use the object from the group-specific namespace with the value 5. * msecond, but the name also refers to a variable in the run namespace with value '0.04743416490252569'. [brian2.groups.group.Group.resolve.resolution_conflict]
WARNING    'g' is an internal variable of group 'vnc', but also exists in the run namespace with the value 1.0. The internal variable will be used. [brian2.groups.group.Group.resolve.resolution_conflict]
WARNING    'v' is an internal variable of group 'vnc', but also exists in the run namespace with the value 0.0. The internal variable will be used. [brian2.groups.group.Group.resolve.resolution_conflict]
WARNING    'g' is an internal variable of group 'syn', but also exists in the run namespace with the value 1.0. The internal variable will be used. [brian2.groups.group.Group.resolve.resolution_conflict]
MDN=150Hz+反射α=1.0 2.5s: 直立度=+0.23 z=+0.147 前進=+0.2427 側方=-0.3534
  中脚femur振幅std: L=0.0184 R=0.0124 L-R相関=+0.30
  遊脚率 (接地力ゼロの時間割合) {'LF': 0.87, 'LM': 0.23, 'LH': 0.96, 'RF': 0.5, 'RM': 0.39, 'RH': 0.39}
  歩数 (遊脚→接地遷移) {'LF': 10, 'LM': 25, 'LH': 4, 'RF': 30, 'RM': 27, 'RH': 28}
=== K_WALK=0.8 ===
SN 542本 / プール42方向
MDN=150Hz+反射α=1.0 2.5s: 直立度=-0.79 z=+0.043 前進=-0.2965 側方=+0.3212
  中脚femur振幅std: L=0.0114 R=0.0090 L-R相関=+0.08
  遊脚率 (接地力ゼロの時間割合) {'LF': 0.99, 'LM': 0.87, 'LH': 0.88, 'RF': 1.0, 'RM': 0.69, 'RH': 0.86}
  歩数 (遊脚→接地遷移) {'LF': 0, 'LM': 5, 'LH': 8, 'RF': 0, 'RM': 12, 'RH': 9}
=== K_WALK=1.5 ===
SN 542本 / プール42方向
MDN=150Hz+反射α=1.0 2.5s: 直立度=-0.93 z=+0.044 前進=-0.1715 側方=-0.5944
  中脚femur振幅std: L=0.0088 R=0.0097 L-R相関=+0.25
  遊脚率 (接地力ゼロの時間割合) {'LF': 0.97, 'LM': 0.89, 'LH': 0.78, 'RF': 0.92, 'RM': 0.81, 'RH': 0.82}
  歩数 (遊脚→接地遷移) {'LF': 2, 'LM': 8, 'LH': 23, 'RF': 3, 'RM': 9, 'RH': 5}
